<html>
<body>
<pre>
<h1>µVision Build Log</h1>
<h2>Project:</h2>
C:\Users\sharon\Documents\@MatrixBridge\Sep2014\SlaveBoxPrj\test01.uvproj
Project File Date:  09/19/2014

<h2>Output:</h2>
Rebuild target 'Target 1'
assembling startup_stm32f10x_md.s...
compiling main.c...
main.c(402): warning:  #68-D: integer conversion resulted in a change of sign
        char retVal=AT_RESP_ERR_NO_RESP;
main.c(510): warning:  #940-D: missing return statement at end of non-void function "checkGsmRegistration"
  }
main.c(514): warning:  #68-D: integer conversion resulted in a change of sign
        char retVal=-1;
main.c(548): warning:  #68-D: integer conversion resulted in a change of sign
        if(position<=0) return (-3);
main.c: 4 warnings, 0 errors
compiling system_stm32f10x.c...
compiling uart_dma.c...
linking...
Program Size: Code=3836 RO-data=540 RW-data=28 ZI-data=2996  
".\test01.axf" - 0 Error(s), 4 Warning(s).
Load "C:\\Users\\sharon\\Documents\\@MatrixBridge\\Sep2014\\SlaveBoxPrj\\test01.axf" 
Erase Done.
Programming Done.
Verify OK.
Application running ...
